select pg_sleep(2);
 pg_sleep 
----------
 
(1 row)

select rqppriority, rqpquery from gp_toolkit.gp_resq_priority_statement where rqpquery ~~* 'FETCH FORWARD 50 FROM test;';
 rqppriority |          rqpquery           
-------------+-----------------------------
 MAX         | FETCH FORWARD 50 FROM test;
(1 row)

select current_query, application_name from pg_stat_activity where current_query ~~* 'FETCH FORWARD 50 FROM test;';
        current_query        | application_name 
-----------------------------+------------------
 FETCH FORWARD 50 FROM test; | psql
(1 row)

