--start_ignore
REVOKE ALL PRIVILEGES ON PUBLIC.orders FROM testuser1;
REVOKE
DROP USER IF EXISTS testuser1;
DROP ROLE
DROP RESOURCE QUEUE resourcequeue1;
DROP QUEUE
--end_ignore

create user testuser1 with nosuperuser nocreatedb nocreaterole;
psql:/data/suchitra/workspace/tincrepo/private/suchitra/resource_management/memory_quota/resource_queues/setup_querywaiting/output/create_queues_gucs.sql:5: NOTICE:  resource queue required -- using default resource queue "pg_default"
CREATE ROLE
GRANT ALL PRIVILEGES ON PUBLIC.orders TO testuser1;
GRANT
create resource queue resourcequeue1 active threshold 12;
CREATE QUEUE
alter resource queue resourcequeue1 with (memory_limit = '1000MB');
ALTER QUEUE
alter role testuser1 with resource queue resourcequeue1;
ALTER ROLE
