-- Test Workload Administration and Resource queuing

-- create resource queue
CREATE RESOURCE QUEUE adhoc1 ACTIVE THRESHOLD 1;
CREATE QUEUE
CREATE RESOURCE QUEUE webuser1 ACTIVE THRESHOLD 3;
CREATE QUEUE
CREATE RESOURCE QUEUE mgmtuser1 ACTIVE THRESHOLD 5;
CREATE QUEUE

-- select from pg_resqueue table
select * from pg_resqueue where rsqname in ('adhoc1','webuser1','mgmtuser1');
  rsqname  | rsqcountlimit | rsqcostlimit | rsqovercommit | rsqignorecostlimit 
-----------+---------------+--------------+---------------+--------------------
 adhoc1    |             1 |           -1 | f             |                  0
 webuser1  |             3 |           -1 | f             |                  0
 mgmtuser1 |             5 |           -1 | f             |                  0
(3 rows)


-- drop resource queue
DROP RESOURCE QUEUE adhoc1;
DROP QUEUE
DROP RESOURCE QUEUE webuser1;
DROP QUEUE
DROP RESOURCE QUEUE mgmtuser1;
DROP QUEUE


-- select from pg_resqueue table
--select * from pg_resqueue;
